dataset/UK housing/hammersmith-and-fulham.csv
"Name","URI","Region GSS code","Period","Sales volume","Reporting period","Average price All property types","Average price Detached houses","Average price Semi-detached houses","Average price Terraced houses","Average price Flats and maisonettes","Pivotable date"
Hammersmith and Fulham,http://landregistry.data.gov.uk/id/region/hammersmith-and-fulham,E09000013,2004-01,306,monthly,328761,507176,498559,413817,303649,2004-01-01
Hammersmith and Fulham,http://landregistry.data.gov.uk/id/region/hammersmith-and-fulham,E09000013,2004-02,276,monthly,327738,502499,498891,413034,302416,2004-02-01
Hammersmith and Fulham,http://landregistry.data.gov.uk/id/region/hammersmith-and-fulham,E09000013,2004-03,336,monthly,331533,509222,505049,418402,305589,2004-03-01
Hammersmith and Fulham,http://landregistry.data.gov.uk/id/region/hammersmith-and-fulham,E09000013,2004-04,359,monthly,340684,517735,518078,431161,313573,2004-04-01
Hammersmith and Fulham,http://landregistry.data.gov.uk/id/region/hammersmith-and-fulham,E09000013,2004-05,317,monthly,347520,522900,523412,439694,320064,2004-05-01
Hammersmith and Fulham,http://landregistry.data.gov.uk/id/region/hammersmith-and-fulham,E09000013,2004-06,345,monthly,349700,522431,526261,442360,322134,2004-06-01
Hammersmith and Fulham,http://landregistry.data.gov.uk/id/region/hammersmith-and-fulham,E09000013,2004-07,408,monthly,355963,532887,537145,450880,327620,2004-07-01
Hammersmith and Fulham,http://landregistry.data.gov.uk/id/region/hammersmith-and-fulham,E09000013,2004-08,337,monthly,358497,539532,545167,454948,329484,2004-08-01
Hammersmith and Fulham,http://landregistry.data.gov.uk/id/region/hammersmith-and-fulham,E09000013,2004-09,299,monthly,357918,541520,546569,455014,328554,2004-09-01
Hammersmith and Fulham,http://landregistry.data.gov.uk/id/region/hammersmith-and-fulham,E09000013,2004-10,253,monthly,348945,526263,529719,441604,321219,2004-10-01
Hammersmith and Fulham,http://landregistry.data.gov.uk/id/region/hammersmith-and-fulham,E09000013,2004-11,225,monthly,338637,509048,511837,427409,312264,2004-11-01
Hammersmith and Fulham,http://landregistry.data.gov.uk/id/region/hammersmith-and-fulham,E09000013,2004-12,231,monthly,334676,498001,502246,420992,309306,2004-12-01
Hammersmith and Fulham,http://landregistry.data.gov.uk/id/region/hammersmith-and-fulham,E09000013,2005-01,196,monthly,336816,499862,506239,425447,310549,2005-01-01
Hammersmith and Fulham,http://landregistry.data.gov.uk/id/region/hammersmith-and-fulham,E09000013,2005-02,160,monthly,346280,515822,524785,439086,318479,2005-02-01
Hammersmith and Fulham,http://landregistry.data.gov.uk/id/region/hammersmith-and-fulham,E09000013,2005-03,214,monthly,349363,519626,531900,444423,320682,2005-03-01
Hammersmith and Fulham,http://landregistry.data.gov.uk/id/region/hammersmith-and-fulham,E09000013,2005-04,263,monthly,362157,538140,552132,460842,332348,2005-04-01
Hammersmith and Fulham,http://landregistry.data.gov.uk/id/region/hammersmith-and-fulham,E09000013,2005-05,260,monthly,360542,532077,545650,457973,331325,2005-05-01
Hammersmith and Fulham,http://landregistry.data.gov.uk/id/region/hammersmith-and-fulham,E09000013,2005-06,282,monthly,369193,546489,558695,470218,338730,2005-06-01
Hammersmith and Fulham,http://landregistry.data.gov.uk/id/region/hammersmith-and-fulham,E09000013,2005-07,337,monthly,369952,550822,560937,471689,339173,2005-07-01
Hammersmith and Fulham,http://landregistry.data.gov.uk/id/region/hammersmith-and-fulham,E09000013,2005-08,329,monthly,379162,568726,576104,484439,347141,2005-08-01
Hammersmith and Fulham,http://landregistry.data.gov.uk/id/region/hammersmith-and-fulham,E09000013,2005-09,316,monthly,374904,568048,571587,479234,343078,2005-09-01
Hammersmith and Fulham,http://landregistry.data.gov.uk/id/region/hammersmith-and-fulham,E09000013,2005-10,274,monthly,368196,556701,559801,469991,337267,2005-10-01
Hammersmith and Fulham,http://landregistry.data.gov.uk/id/region/hammersmith-and-fulham,E09000013,2005-11,269,monthly,367354,554704,558132,468763,336572,2005-11-01
Hammersmith and Fulham,http://landregistry.data.gov.uk/id/region/hammersmith-and-fulham,E09000013,2005-12,289,monthly,366988,548335,554026,467034,336882,2005-12-01
Hammersmith and Fulham,http://landregistry.data.gov.uk/id/region/hammersmith-and-fulham,E09000013,2006-01,266,monthly,374797,562069,567094,478683,343284,2006-01-01
Hammersmith and Fulham,http://landregistry.data.gov.uk/id/region/hammersmith-and-fulham,E09000013,2006-02,240,monthly,367483,548819,555507,470126,336262,2006-02-01
Hammersmith and Fulham,http://landregistry.data.gov.uk/id/region/hammersmith-and-fulham,E09000013,2006-03,326,monthly,378032,569226,574703,485452,345037,2006-03-01
Hammersmith and Fulham,http://landregistry.data.gov.uk/id/region/hammersmith-and-fulham,E09000013,2006-04,341,monthly,381058,571215,577199,489694,347689,2006-04-01
Hammersmith and Fulham,http://landregistry.data.gov.uk/id/region/hammersmith-and-fulham,E09000013,2006-05,336,monthly,394582,591154,597992,507239,359953,2006-05-01
Hammersmith and Fulham,http://landregistry.data.gov.uk/id/region/hammersmith-and-fulham,E09000013,2006-06,416,monthly,401934,598557,609709,516861,366583,2006-06-01
Hammersmith and Fulham,http://landregistry.data.gov.uk/id/region/hammersmith-and-fulham,E09000013,2006-07,413,monthly,409231,609173,622901,528218,372356,2006-07-01
Hammersmith and Fulham,http://landregistry.data.gov.uk/id/region/hammersmith-and-fulham,E09000013,2006-08,407,monthly,414495,617913,630762,536867,376346,2006-08-01
Hammersmith and Fulham,http://landregistry.data.gov.uk/id/region/hammersmith-and-fulham,E09000013,2006-09,328,monthly,417455,624719,635013,542242,378370,2006-09-01
Hammersmith and Fulham,http://landregistry.data.gov.uk/id/region/hammersmith-and-fulham,E09000013,2006-10,323,monthly,417621,625880,634399,540581,379336,2006-10-01
Hammersmith and Fulham,http://landregistry.data.gov.uk/id/region/hammersmith-and-fulham,E09000013,2006-11,347,monthly,412029,618087,626762,532765,374486,2006-11-01
Hammersmith and Fulham,http://landregistry.data.gov.uk/id/region/hammersmith-and-fulham,E09000013,2006-12,362,monthly,402320,601653,612764,519921,365777,2006-12-01
Hammersmith and Fulham,http://landregistry.data.gov.uk/id/region/hammersmith-and-fulham,E09000013,2007-01,284,monthly,407093,610541,621721,526793,369779,2007-01-01
Hammersmith and Fulham,http://landregistry.data.gov.uk/id/region/hammersmith-and-fulham,E09000013,2007-02,295,monthly,422518,634159,646366,545147,384306,2007-02-01
Hammersmith and Fulham,http://landregistry.data.gov.uk/id/region/hammersmith-and-fulham,E09000013,2007-03,362,monthly,443098,669944,679629,572718,402620,2007-03-01
Hammersmith and Fulham,http://landregistry.data.gov.uk/id/region/hammersmith-and-fulham,E09000013,2007-04,307,monthly,454434,683287,696817,589526,412201,2007-04-01
Hammersmith and Fulham,http://landregistry.data.gov.uk/id/region/hammersmith-and-fulham,E09000013,2007-05,347,monthly,460662,688104,704795,599136,417376,2007-05-01
Hammersmith and Fulham,http://landregistry.data.gov.uk/id/region/hammersmith-and-fulham,E09000013,2007-06,397,monthly,470556,699654,719247,611682,426481,2007-06-01
Hammersmith and Fulham,http://landregistry.data.gov.uk/id/region/hammersmith-and-fulham,E09000013,2007-07,391,monthly,485738,726947,743981,632410,439846,2007-07-01
Hammersmith and Fulham,http://landregistry.data.gov.uk/id/region/hammersmith-and-fulham,E09000013,2007-08,386,monthly,502895,758877,772460,657788,454257,2007-08-01
Hammersmith and Fulham,http://landregistry.data.gov.uk/id/region/hammersmith-and-fulham,E09000013,2007-09,296,monthly,512596,776971,789447,671110,462735,2007-09-01
Hammersmith and Fulham,http://landregistry.data.gov.uk/id/region/hammersmith-and-fulham,E09000013,2007-10,270,monthly,519192,787057,796917,676927,469722,2007-10-01
Hammersmith and Fulham,http://landregistry.data.gov.uk/id/region/hammersmith-and-fulham,E09000013,2007-11,259,monthly,510196,774090,783776,662592,462454,2007-11-01
Hammersmith and Fulham,http://landregistry.data.gov.uk/id/region/hammersmith-and-fulham,E09000013,2007-12,182,monthly,500711,755125,764995,648279,454673,2007-12-01
Hammersmith and Fulham,http://landregistry.data.gov.uk/id/region/hammersmith-and-fulham,E09000013,2008-01,187,monthly,487907,740597,747403,631825,442934,2008-01-01
Hammersmith and Fulham,http://landregistry.data.gov.uk/id/region/hammersmith-and-fulham,E09000013,2008-02,177,monthly,494452,756348,759284,640717,448659,2008-02-01
Hammersmith and Fulham,http://landregistry.data.gov.uk/id/region/hammersmith-and-fulham,E09000013,2008-03,160,monthly,500204,774806,771623,650422,452987,2008-03-01
Hammersmith and Fulham,http://landregistry.data.gov.uk/id/region/hammersmith-and-fulham,E09000013,2008-04,182,monthly,486032,758589,752245,634435,439261,2008-04-01
Hammersmith and Fulham,http://landregistry.data.gov.uk/id/region/hammersmith-and-fulham,E09000013,2008-05,142,monthly,484647,754036,752231,635135,437136,2008-05-01
Hammersmith and Fulham,http://landregistry.data.gov.uk/id/region/hammersmith-and-fulham,E09000013,2008-06,116,monthly,478043,738667,743457,627671,430769,2008-06-01
Hammersmith and Fulham,http://landregistry.data.gov.uk/id/region/hammersmith-and-fulham,E09000013,2008-07,153,monthly,485893,745400,759039,638545,437590,2008-07-01
Hammersmith and Fulham,http://landregistry.data.gov.uk/id/region/hammersmith-and-fulham,E09000013,2008-08,138,monthly,487355,745672,761805,640143,439008,2008-08-01
Hammersmith and Fulham,http://landregistry.data.gov.uk/id/region/hammersmith-and-fulham,E09000013,2008-09,97,monthly,474370,731968,739560,622213,427625,2008-09-01
Hammersmith and Fulham,http://landregistry.data.gov.uk/id/region/hammersmith-and-fulham,E09000013,2008-10,115,monthly,456204,704284,705664,595948,412195,2008-10-01
Hammersmith and Fulham,http://landregistry.data.gov.uk/id/region/hammersmith-and-fulham,E09000013,2008-11,81,monthly,427747,661586,660591,557939,386780,2008-11-01
Hammersmith and Fulham,http://landregistry.data.gov.uk/id/region/hammersmith-and-fulham,E09000013,2008-12,78,monthly,436520,670960,675673,570151,394436,2008-12-01
Hammersmith and Fulham,http://landregistry.data.gov.uk/id/region/hammersmith-and-fulham,E09000013,2009-01,71,monthly,437667,672662,678550,571198,395592,2009-01-01
Hammersmith and Fulham,http://landregistry.data.gov.uk/id/region/hammersmith-and-fulham,E09000013,2009-02,63,monthly,431609,660047,667633,562642,390367,2009-02-01
Hammersmith and Fulham,http://landregistry.data.gov.uk/id/region/hammersmith-and-fulham,E09000013,2009-03,90,monthly,408519,620778,629758,531336,369917,2009-03-01
Hammersmith and Fulham,http://landregistry.data.gov.uk/id/region/hammersmith-and-fulham,E09000013,2009-04,87,monthly,413985,624267,637430,539602,374415,2009-04-01
Hammersmith and Fulham,http://landregistry.data.gov.uk/id/region/hammersmith-and-fulham,E09000013,2009-05,129,monthly,412346,619860,634380,539622,372012,2009-05-01
Hammersmith and Fulham,http://landregistry.data.gov.uk/id/region/hammersmith-and-fulham,E09000013,2009-06,156,monthly,413659,622189,637271,543542,372185,2009-06-01
Hammersmith and Fulham,http://landregistry.data.gov.uk/id/region/hammersmith-and-fulham,E09000013,2009-07,209,monthly,420388,631860,650300,556298,376417,2009-07-01
Hammersmith and Fulham,http://landregistry.data.gov.uk/id/region/hammersmith-and-fulham,E09000013,2009-08,230,monthly,441605,668972,688347,586894,394070,2009-08-01
Hammersmith and Fulham,http://landregistry.data.gov.uk/id/region/hammersmith-and-fulham,E09000013,2009-09,243,monthly,459258,696160,718085,611996,409014,2009-09-01
Hammersmith and Fulham,http://landregistry.data.gov.uk/id/region/hammersmith-and-fulham,E09000013,2009-10,196,monthly,459307,699023,721899,612701,408611,2009-10-01
Hammersmith and Fulham,http://landregistry.data.gov.uk/id/region/hammersmith-and-fulham,E09000013,2009-11,205,monthly,459311,699359,718833,613439,408424,2009-11-01
Hammersmith and Fulham,http://landregistry.data.gov.uk/id/region/hammersmith-and-fulham,E09000013,2009-12,239,monthly,467825,713016,734195,625467,415624,2009-12-01
Hammersmith and Fulham,http://landregistry.data.gov.uk/id/region/hammersmith-and-fulham,E09000013,2010-01,184,monthly,484953,739669,761254,651490,429508,2010-01-01
Hammersmith and Fulham,http://landregistry.data.gov.uk/id/region/hammersmith-and-fulham,E09000013,2010-02,153,monthly,490933,755352,778627,662180,433395,2010-02-01
Hammersmith and Fulham,http://landregistry.data.gov.uk/id/region/hammersmith-and-fulham,E09000013,2010-03,203,monthly,486871,752338,773363,657772,429273,2010-03-01
Hammersmith and Fulham,http://landregistry.data.gov.uk/id/region/hammersmith-and-fulham,E09000013,2010-04,203,monthly,488087,755648,774958,658094,430902,2010-04-01
Hammersmith and Fulham,http://landregistry.data.gov.uk/id/region/hammersmith-and-fulham,E09000013,2010-05,197,monthly,493877,766046,779008,664357,436786,2010-05-01
Hammersmith and Fulham,http://landregistry.data.gov.uk/id/region/hammersmith-and-fulham,E09000013,2010-06,242,monthly,507768,788213,801896,684581,448398,2010-06-01
Hammersmith and Fulham,http://landregistry.data.gov.uk/id/region/hammersmith-and-fulham,E09000013,2010-07,278,monthly,516558,810621,818801,700532,454352,2010-07-01
Hammersmith and Fulham,http://landregistry.data.gov.uk/id/region/hammersmith-and-fulham,E09000013,2010-08,227,monthly,527536,827327,838668,718040,462855,2010-08-01
Hammersmith and Fulham,http://landregistry.data.gov.uk/id/region/hammersmith-and-fulham,E09000013,2010-09,235,monthly,529332,835517,844835,722774,463379,2010-09-01
Hammersmith and Fulham,http://landregistry.data.gov.uk/id/region/hammersmith-and-fulham,E09000013,2010-10,193,monthly,516386,811606,823824,703434,452750,2010-10-01
Hammersmith and Fulham,http://landregistry.data.gov.uk/id/region/hammersmith-and-fulham,E09000013,2010-11,183,monthly,498875,787612,795353,677722,438170,2010-11-01
Hammersmith and Fulham,http://landregistry.data.gov.uk/id/region/hammersmith-and-fulham,E09000013,2010-12,191,monthly,485906,766760,775784,659383,427050,2010-12-01
Hammersmith and Fulham,http://landregistry.data.gov.uk/id/region/hammersmith-and-fulham,E09000013,2011-01,181,monthly,485394,768245,780983,660331,425764,2011-01-01
Hammersmith and Fulham,http://landregistry.data.gov.uk/id/region/hammersmith-and-fulham,E09000013,2011-02,181,monthly,489560,775789,794488,667123,428700,2011-02-01
Hammersmith and Fulham,http://landregistry.data.gov.uk/id/region/hammersmith-and-fulham,E09000013,2011-03,233,monthly,501662,802202,817711,684988,438604,2011-03-01
Hammersmith and Fulham,http://landregistry.data.gov.uk/id/region/hammersmith-and-fulham,E09000013,2011-04,234,monthly,517488,830316,841338,705516,452898,2011-04-01
Hammersmith and Fulham,http://landregistry.data.gov.uk/id/region/hammersmith-and-fulham,E09000013,2011-05,204,monthly,529410,843776,848510,718575,464968,2011-05-01
Hammersmith and Fulham,http://landregistry.data.gov.uk/id/region/hammersmith-and-fulham,E09000013,2011-06,209,monthly,531488,839043,844253,718797,468052,2011-06-01
Hammersmith and Fulham,http://landregistry.data.gov.uk/id/region/hammersmith-and-fulham,E09000013,2011-07,247,monthly,521991,816979,825044,705687,459955,2011-07-01
Hammersmith and Fulham,http://landregistry.data.gov.uk/id/region/hammersmith-and-fulham,E09000013,2011-08,266,monthly,520571,821255,834436,709677,456061,2011-08-01
Hammersmith and Fulham,http://landregistry.data.gov.uk/id/region/hammersmith-and-fulham,E09000013,2011-09,233,monthly,525124,833837,849448,720054,458217,2011-09-01
Hammersmith and Fulham,http://landregistry.data.gov.uk/id/region/hammersmith-and-fulham,E09000013,2011-10,244,monthly,534270,857329,869686,733445,465662,2011-10-01
Hammersmith and Fulham,http://landregistry.data.gov.uk/id/region/hammersmith-and-fulham,E09000013,2011-11,253,monthly,538787,859508,875477,736671,470792,2011-11-01
Hammersmith and Fulham,http://landregistry.data.gov.uk/id/region/hammersmith-and-fulham,E09000013,2011-12,206,monthly,527140,839367,848911,716898,462301,2011-12-01
Hammersmith and Fulham,http://landregistry.data.gov.uk/id/region/hammersmith-and-fulham,E09000013,2012-01,185,monthly,509472,808149,819167,693949,446460,2012-01-01
Hammersmith and Fulham,http://landregistry.data.gov.uk/id/region/hammersmith-and-fulham,E09000013,2012-02,155,monthly,518105,825676,838757,709291,452560,2012-02-01
Hammersmith and Fulham,http://landregistry.data.gov.uk/id/region/hammersmith-and-fulham,E09000013,2012-03,225,monthly,530217,841714,863035,726366,462626,2012-03-01
Hammersmith and Fulham,http://landregistry.data.gov.uk/id/region/hammersmith-and-fulham,E09000013,2012-04,232,monthly,554482,878035,898752,757722,484464,2012-04-01
Hammersmith and Fulham,http://landregistry.data.gov.uk/id/region/hammersmith-and-fulham,E09000013,2012-05,209,monthly,552495,871311,885626,752501,483712,2012-05-01
Hammersmith and Fulham,http://landregistry.data.gov.uk/id/region/hammersmith-and-fulham,E09000013,2012-06,220,monthly,568853,896818,907882,778728,496888,2012-06-01
Hammersmith and Fulham,http://landregistry.data.gov.uk/id/region/hammersmith-and-fulham,E09000013,2012-07,265,monthly,580568,913462,928561,797539,506231,2012-07-01
Hammersmith and Fulham,http://landregistry.data.gov.uk/id/region/hammersmith-and-fulham,E09000013,2012-08,258,monthly,592532,935359,950439,818897,515080,2012-08-01
Hammersmith and Fulham,http://landregistry.data.gov.uk/id/region/hammersmith-and-fulham,E09000013,2012-09,222,monthly,588824,932710,947843,813789,511773,2012-09-01
Hammersmith and Fulham,http://landregistry.data.gov.uk/id/region/hammersmith-and-fulham,E09000013,2012-10,213,monthly,603876,958861,971221,833378,525236,2012-10-01
Hammersmith and Fulham,http://landregistry.data.gov.uk/id/region/hammersmith-and-fulham,E09000013,2012-11,216,monthly,594073,943570,956100,818629,517068,2012-11-01
