dataset/UK housing/hammersmith-and-fulham.csv
"Name","URI","Region GSS code","Period","Sales volume","Reporting period","Average price All property types","Average price Detached houses","Average price Semi-detached houses","Average price Terraced houses","Average price Flats and maisonettes","Pivotable date"
Hammersmith and Fulham,http://landregistry.data.gov.uk/id/region/hammersmith-and-fulham,E09000013,2012-12,196,monthly,611487,975143,983960,843118,532062,2012-12-01
Hammersmith and Fulham,http://landregistry.data.gov.uk/id/region/hammersmith-and-fulham,E09000013,2013-01,213,monthly,601380,960927,976981,831319,522425,2013-01-01
Hammersmith and Fulham,http://landregistry.data.gov.uk/id/region/hammersmith-and-fulham,E09000013,2013-02,166,monthly,618330,991708,1008178,854439,537154,2013-02-01
Hammersmith and Fulham,http://landregistry.data.gov.uk/id/region/hammersmith-and-fulham,E09000013,2013-03,202,monthly,616967,989774,1006122,850832,536480,2013-03-01
Hammersmith and Fulham,http://landregistry.data.gov.uk/id/region/hammersmith-and-fulham,E09000013,2013-04,221,monthly,610841,980692,987891,842438,531285,2013-04-01
Hammersmith and Fulham,http://landregistry.data.gov.uk/id/region/hammersmith-and-fulham,E09000013,2013-05,225,monthly,619405,989889,998989,853644,538986,2013-05-01
Hammersmith and Fulham,http://landregistry.data.gov.uk/id/region/hammersmith-and-fulham,E09000013,2013-06,251,monthly,608411,969143,981644,840642,528774,2013-06-01
Hammersmith and Fulham,http://landregistry.data.gov.uk/id/region/hammersmith-and-fulham,E09000013,2013-07,342,monthly,626507,993131,1011989,867443,543961,2013-07-01
Hammersmith and Fulham,http://landregistry.data.gov.uk/id/region/hammersmith-and-fulham,E09000013,2013-08,306,monthly,625932,996124,1010880,869598,542561,2013-08-01
Hammersmith and Fulham,http://landregistry.data.gov.uk/id/region/hammersmith-and-fulham,E09000013,2013-09,306,monthly,656485,1050303,1062409,911762,569065,2013-09-01
Hammersmith and Fulham,http://landregistry.data.gov.uk/id/region/hammersmith-and-fulham,E09000013,2013-10,258,monthly,663808,1069872,1070611,919021,576324,2013-10-01
Hammersmith and Fulham,http://landregistry.data.gov.uk/id/region/hammersmith-and-fulham,E09000013,2013-11,254,monthly,663613,1067506,1067060,915930,577072,2013-11-01
Hammersmith and Fulham,http://landregistry.data.gov.uk/id/region/hammersmith-and-fulham,E09000013,2013-12,269,monthly,666670,1067016,1065625,916702,580919,2013-12-01
Hammersmith and Fulham,http://landregistry.data.gov.uk/id/region/hammersmith-and-fulham,E09000013,2014-01,289,monthly,666572,1069166,1069803,916306,580822,2014-01-01
Hammersmith and Fulham,http://landregistry.data.gov.uk/id/region/hammersmith-and-fulham,E09000013,2014-02,207,monthly,682454,1101023,1098137,936284,594983,2014-02-01
Hammersmith and Fulham,http://landregistry.data.gov.uk/id/region/hammersmith-and-fulham,E09000013,2014-03,186,monthly,681088,1103278,1098939,935478,593277,2014-03-01
Hammersmith and Fulham,http://landregistry.data.gov.uk/id/region/hammersmith-and-fulham,E09000013,2014-04,253,monthly,691362,1119227,1116547,950628,601999,2014-04-01
Hammersmith and Fulham,http://landregistry.data.gov.uk/id/region/hammersmith-and-fulham,E09000013,2014-05,240,monthly,696569,1122007,1124007,959328,606234,2014-05-01
Hammersmith and Fulham,http://landregistry.data.gov.uk/id/region/hammersmith-and-fulham,E09000013,2014-06,277,monthly,713339,1147530,1147963,983381,620664,2014-06-01
Hammersmith and Fulham,http://landregistry.data.gov.uk/id/region/hammersmith-and-fulham,E09000013,2014-07,288,monthly,740943,1190908,1189588,1023810,644218,2014-07-01
Hammersmith and Fulham,http://landregistry.data.gov.uk/id/region/hammersmith-and-fulham,E09000013,2014-08,296,monthly,762631,1228718,1225021,1056427,662504,2014-08-01
Hammersmith and Fulham,http://landregistry.data.gov.uk/id/region/hammersmith-and-fulham,E09000013,2014-09,233,monthly,773678,1249490,1247496,1072771,671824,2014-09-01
Hammersmith and Fulham,http://landregistry.data.gov.uk/id/region/hammersmith-and-fulham,E09000013,2014-10,232,monthly,763041,1234301,1229895,1053742,663483,2014-10-01
Hammersmith and Fulham,http://landregistry.data.gov.uk/id/region/hammersmith-and-fulham,E09000013,2014-11,182,monthly,746424,1209008,1203613,1028321,649542,2014-11-01
Hammersmith and Fulham,http://landregistry.data.gov.uk/id/region/hammersmith-and-fulham,E09000013,2014-12,187,monthly,735096,1190627,1181557,1009393,640426,2014-12-01
Hammersmith and Fulham,http://landregistry.data.gov.uk/id/region/hammersmith-and-fulham,E09000013,2015-01,160,monthly,732364,1187118,1179400,1006892,637756,2015-01-01
Hammersmith and Fulham,http://landregistry.data.gov.uk/id/region/hammersmith-and-fulham,E09000013,2015-02,148,monthly,735010,1186361,1180941,1009462,640380,2015-02-01
Hammersmith and Fulham,http://landregistry.data.gov.uk/id/region/hammersmith-and-fulham,E09000013,2015-03,162,monthly,743179,1198279,1191253,1020009,647806,2015-03-01
Hammersmith and Fulham,http://landregistry.data.gov.uk/id/region/hammersmith-and-fulham,E09000013,2015-04,192,monthly,751604,1211718,1204237,1031690,655128,2015-04-01
Hammersmith and Fulham,http://landregistry.data.gov.uk/id/region/hammersmith-and-fulham,E09000013,2015-05,223,monthly,763257,1233918,1220268,1046350,665644,2015-05-01
Hammersmith and Fulham,http://landregistry.data.gov.uk/id/region/hammersmith-and-fulham,E09000013,2015-06,255,monthly,770977,1252660,1241111,1063447,670638,2015-06-01
Hammersmith and Fulham,http://landregistry.data.gov.uk/id/region/hammersmith-and-fulham,E09000013,2015-07,262,monthly,772832,1254911,1242292,1066746,672089,2015-07-01
Hammersmith and Fulham,http://landregistry.data.gov.uk/id/region/hammersmith-and-fulham,E09000013,2015-08,218,monthly,780423,1267899,1256985,1080827,677758,2015-08-01
Hammersmith and Fulham,http://landregistry.data.gov.uk/id/region/hammersmith-and-fulham,E09000013,2015-09,237,monthly,779596,1264263,1254996,1076617,677812,2015-09-01
Hammersmith and Fulham,http://landregistry.data.gov.uk/id/region/hammersmith-and-fulham,E09000013,2015-10,229,monthly,766034,1243910,1234145,1057889,666005,2015-10-01
Hammersmith and Fulham,http://landregistry.data.gov.uk/id/region/hammersmith-and-fulham,E09000013,2015-11,186,monthly,762769,1243415,1232070,1052849,663251,2015-11-01
Hammersmith and Fulham,http://landregistry.data.gov.uk/id/region/hammersmith-and-fulham,E09000013,2015-12,176,monthly,771960,1266611,1243767,1065140,671361,2015-12-01
Hammersmith and Fulham,http://landregistry.data.gov.uk/id/region/hammersmith-and-fulham,E09000013,2016-01,152,monthly,770697,1265207,1243112,1062659,670429,2016-01-01
Hammersmith and Fulham,http://landregistry.data.gov.uk/id/region/hammersmith-and-fulham,E09000013,2016-02,184,monthly,773193,1274595,1251939,1066814,672355,2016-02-01
Hammersmith and Fulham,http://landregistry.data.gov.uk/id/region/hammersmith-and-fulham,E09000013,2016-03,427,monthly,765505,1255867,1244935,1056701,665496,2016-03-01
Hammersmith and Fulham,http://landregistry.data.gov.uk/id/region/hammersmith-and-fulham,E09000013,2016-04,133,monthly,778280,1289208,1257630,1072444,677145,2016-04-01
Hammersmith and Fulham,http://landregistry.data.gov.uk/id/region/hammersmith-and-fulham,E09000013,2016-05,145,monthly,774019,1276130,1235061,1061338,674950,2016-05-01
Hammersmith and Fulham,http://landregistry.data.gov.uk/id/region/hammersmith-and-fulham,E09000013,2016-06,176,monthly,778276,1292775,1231859,1063436,679697,2016-06-01
Hammersmith and Fulham,http://landregistry.data.gov.uk/id/region/hammersmith-and-fulham,E09000013,2016-07,206,monthly,759729,1253768,1204312,1039565,663126,2016-07-01
Hammersmith and Fulham,http://landregistry.data.gov.uk/id/region/hammersmith-and-fulham,E09000013,2016-08,149,monthly,749875,1241513,1192297,1028414,653884,2016-08-01
Hammersmith and Fulham,http://landregistry.data.gov.uk/id/region/hammersmith-and-fulham,E09000013,2016-09,166,monthly,730646,1207724,1161424,1002350,637047,2016-09-01
Hammersmith and Fulham,http://landregistry.data.gov.uk/id/region/hammersmith-and-fulham,E09000013,2016-10,160,monthly,720857,1189325,1145125,983665,629854,2016-10-01
Hammersmith and Fulham,http://landregistry.data.gov.uk/id/region/hammersmith-and-fulham,E09000013,2016-11,147,monthly,723130,1197225,1148039,983860,632574,2016-11-01
Hammersmith and Fulham,http://landregistry.data.gov.uk/id/region/hammersmith-and-fulham,E09000013,2016-12,158,monthly,736963,1224148,1167746,1000376,645279,2016-12-01
Hammersmith and Fulham,http://landregistry.data.gov.uk/id/region/hammersmith-and-fulham,E09000013,2017-01,162,monthly,755421,1260360,1194727,1026504,661182,2017-01-01
Hammersmith and Fulham,http://landregistry.data.gov.uk/id/region/hammersmith-and-fulham,E09000013,2017-02,157,monthly,764387,1269341,1203800,1033864,670087,2017-02-01
Hammersmith and Fulham,http://landregistry.data.gov.uk/id/region/hammersmith-and-fulham,E09000013,2017-03,174,monthly,751021,1247444,1180098,1013638,658813,2017-03-01
Hammersmith and Fulham,http://landregistry.data.gov.uk/id/region/hammersmith-and-fulham,E09000013,2017-04,184,monthly,773941,1288823,1214410,1041886,679483,2017-04-01
Hammersmith and Fulham,http://landregistry.data.gov.uk/id/region/hammersmith-and-fulham,E09000013,2017-05,174,monthly,755143,1257039,1183500,1014467,663435,2017-05-01
Hammersmith and Fulham,http://landregistry.data.gov.uk/id/region/hammersmith-and-fulham,E09000013,2017-06,200,monthly,755917,1252255,1179309,1015146,664269,2017-06-01
Hammersmith and Fulham,http://landregistry.data.gov.uk/id/region/hammersmith-and-fulham,E09000013,2017-07,197,monthly,751824,1234912,1170110,1009276,660794,2017-07-01
Hammersmith and Fulham,http://landregistry.data.gov.uk/id/region/hammersmith-and-fulham,E09000013,2017-08,162,monthly,781175,1282823,1219338,1055448,685159,2017-08-01
Hammersmith and Fulham,http://landregistry.data.gov.uk/id/region/hammersmith-and-fulham,E09000013,2017-09,151,monthly,758911,1246780,1192967,1027968,664987,2017-09-01
Hammersmith and Fulham,http://landregistry.data.gov.uk/id/region/hammersmith-and-fulham,E09000013,2017-10,191,monthly,750648,1241000,1187484,1020354,656913,2017-10-01
Hammersmith and Fulham,http://landregistry.data.gov.uk/id/region/hammersmith-and-fulham,E09000013,2017-11,198,monthly,741539,1231945,1172482,1006076,649330,2017-11-01
Hammersmith and Fulham,http://landregistry.data.gov.uk/id/region/hammersmith-and-fulham,E09000013,2017-12,200,monthly,742878,1234408,1172968,1007267,650651,2017-12-01
Hammersmith and Fulham,http://landregistry.data.gov.uk/id/region/hammersmith-and-fulham,E09000013,2018-01,171,monthly,724501,1199413,1140715,980659,634944,2018-01-01
Hammersmith and Fulham,http://landregistry.data.gov.uk/id/region/hammersmith-and-fulham,E09000013,2018-02,190,monthly,711087,1178890,1121592,962750,623102,2018-02-01
Hammersmith and Fulham,http://landregistry.data.gov.uk/id/region/hammersmith-and-fulham,E09000013,2018-03,230,monthly,728771,1204416,1150799,988938,638143,2018-03-01
Hammersmith and Fulham,http://landregistry.data.gov.uk/id/region/hammersmith-and-fulham,E09000013,2018-04,178,monthly,710090,1180437,1123997,967377,620990,2018-04-01
Hammersmith and Fulham,http://landregistry.data.gov.uk/id/region/hammersmith-and-fulham,E09000013,2018-05,204,monthly,712342,1184643,1134406,977015,621571,2018-05-01
Hammersmith and Fulham,http://landregistry.data.gov.uk/id/region/hammersmith-and-fulham,E09000013,2018-06,171,monthly,712979,1196913,1141726,978270,621933,2018-06-01
Hammersmith and Fulham,http://landregistry.data.gov.uk/id/region/hammersmith-and-fulham,E09000013,2018-07,214,monthly,736864,1246983,1185461,1013711,642151,2018-07-01
Hammersmith and Fulham,http://landregistry.data.gov.uk/id/region/hammersmith-and-fulham,E09000013,2018-08,183,monthly,738219,1254377,1188926,1015325,643351,2018-08-01
Hammersmith and Fulham,http://landregistry.data.gov.uk/id/region/hammersmith-and-fulham,E09000013,2018-09,184,monthly,730652,1238461,1179528,1009534,635829,2018-09-01
Hammersmith and Fulham,http://landregistry.data.gov.uk/id/region/hammersmith-and-fulham,E09000013,2018-10,187,monthly,739552,1250091,1192065,1018493,644251,2018-10-01
Hammersmith and Fulham,http://landregistry.data.gov.uk/id/region/hammersmith-and-fulham,E09000013,2018-11,163,monthly,730542,1243714,1183037,1008265,635885,2018-11-01
Hammersmith and Fulham,http://landregistry.data.gov.uk/id/region/hammersmith-and-fulham,E09000013,2018-12,153,monthly,733107,1255840,1181997,1004707,639561,2018-12-01
Hammersmith and Fulham,http://landregistry.data.gov.uk/id/region/hammersmith-and-fulham,E09000013,2019-01,110,monthly,722045,1237108,1165407,990540,629699,2019-01-01
Hammersmith and Fulham,http://landregistry.data.gov.uk/id/region/hammersmith-and-fulham,E09000013,2019-02,113,monthly,716796,1215428,1150410,978313,626165,2019-02-01
Hammersmith and Fulham,http://landregistry.data.gov.uk/id/region/hammersmith-and-fulham,E09000013,2019-03,129,monthly,716606,1214399,1152430,983356,624942,2019-03-01
Hammersmith and Fulham,http://landregistry.data.gov.uk/id/region/hammersmith-and-fulham,E09000013,2019-04,129,monthly,713944,1210126,1149853,983188,621984,2019-04-01
Hammersmith and Fulham,http://landregistry.data.gov.uk/id/region/hammersmith-and-fulham,E09000013,2019-05,144,monthly,716896,1223171,1158148,994628,623208,2019-05-01
Hammersmith and Fulham,http://landregistry.data.gov.uk/id/region/hammersmith-and-fulham,E09000013,2019-06,131,monthly,711778,1213913,1150590,990225,618274,2019-06-01
Hammersmith and Fulham,http://landregistry.data.gov.uk/id/region/hammersmith-and-fulham,E09000013,2019-07,190,monthly,724849,1231720,1168573,1007269,629866,2019-07-01
Hammersmith and Fulham,http://landregistry.data.gov.uk/id/region/hammersmith-and-fulham,E09000013,2019-08,199,monthly,727956,1236557,1174598,1014868,631986,2019-08-01
Hammersmith and Fulham,http://landregistry.data.gov.uk/id/region/hammersmith-and-fulham,E09000013,2019-09,169,monthly,732634,1240223,1182233,1022733,635813,2019-09-01
Hammersmith and Fulham,http://landregistry.data.gov.uk/id/region/hammersmith-and-fulham,E09000013,2019-10,244,monthly,711960,1201420,1156923,994795,617617,2019-10-01
Hammersmith and Fulham,http://landregistry.data.gov.uk/id/region/hammersmith-and-fulham,E09000013,2019-11,185,monthly,704862,1198580,1150039,983694,611608,2019-11-01
Hammersmith and Fulham,http://landregistry.data.gov.uk/id/region/hammersmith-and-fulham,E09000013,2019-12,164,monthly,713207,1218411,1170029,994448,618929,2019-12-01
Hammersmith and Fulham,http://landregistry.data.gov.uk/id/region/hammersmith-and-fulham,E09000013,2020-01,178,monthly,722760,1235948,1182135,1007666,627278,2020-01-01
Hammersmith and Fulham,http://landregistry.data.gov.uk/id/region/hammersmith-and-fulham,E09000013,2020-02,172,monthly,736873,1253168,1211417,1027050,639172,2020-02-01
Hammersmith and Fulham,http://landregistry.data.gov.uk/id/region/hammersmith-and-fulham,E09000013,2020-03,199,monthly,719974,1219676,1187683,1003410,624386,2020-03-01
Hammersmith and Fulham,http://landregistry.data.gov.uk/id/region/hammersmith-and-fulham,E09000013,2020-04,125,monthly,695343,1184484,1159964,975495,601278,2020-04-01
Hammersmith and Fulham,http://landregistry.data.gov.uk/id/region/hammersmith-and-fulham,E09000013,2020-05,95,monthly,679448,1155592,1131718,949496,588456,2020-05-01
Hammersmith and Fulham,http://landregistry.data.gov.uk/id/region/hammersmith-and-fulham,E09000013,2020-06,103,monthly,721282,1231125,1190857,1010840,624145,2020-06-01
Hammersmith and Fulham,http://landregistry.data.gov.uk/id/region/hammersmith-and-fulham,E09000013,2020-07,160,monthly,757948,1290579,1240733,1059880,656596,2020-07-01
Hammersmith and Fulham,http://landregistry.data.gov.uk/id/region/hammersmith-and-fulham,E09000013,2020-08,152,monthly,766633,1307861,1258374,1079703,662224,2020-08-01
Hammersmith and Fulham,http://landregistry.data.gov.uk/id/region/hammersmith-and-fulham,E09000013,2020-09,196,monthly,745127,1273089,1235658,1054649,642209,2020-09-01
Hammersmith and Fulham,http://landregistry.data.gov.uk/id/region/hammersmith-and-fulham,E09000013,2020-10,181,monthly,724327,1250897,1201142,1031364,622806,2020-10-01
Hammersmith and Fulham,http://landregistry.data.gov.uk/id/region/hammersmith-and-fulham,E09000013,2020-11,170,monthly,739331,1280094,1217552,1053653,635612,2020-11-01
Hammersmith and Fulham,http://landregistry.data.gov.uk/id/region/hammersmith-and-fulham,E09000013,2020-12,189,monthly,714936,1241043,1173995,1019914,614444,2020-12-01
Hammersmith and Fulham,http://landregistry.data.gov.uk/id/region/hammersmith-and-fulham,E09000013,2021-01,168,monthly,719889,1246395,1186045,1025628,618964,2021-01-01
Hammersmith and Fulham,http://landregistry.data.gov.uk/id/region/hammersmith-and-fulham,E09000013,2021-02,149,monthly,697051,1214252,1156662,994098,598986,2021-02-01
Hammersmith and Fulham,http://landregistry.data.gov.uk/id/region/hammersmith-and-fulham,E09000013,2021-03,301,monthly,705048,1234715,1174111,1006298,605646,2021-03-01
Hammersmith and Fulham,http://landregistry.data.gov.uk/id/region/hammersmith-and-fulham,E09000013,2021-04,169,monthly,726595,1283308,1213663,1036617,624150,2021-04-01
Hammersmith and Fulham,http://landregistry.data.gov.uk/id/region/hammersmith-and-fulham,E09000013,2021-05,140,monthly,732854,1299096,1225136,1044699,629663,2021-05-01
Hammersmith and Fulham,http://landregistry.data.gov.uk/id/region/hammersmith-and-fulham,E09000013,2021-06,495,monthly,743102,1317016,1244236,1063065,637701,2021-06-01
Hammersmith and Fulham,http://landregistry.data.gov.uk/id/region/hammersmith-and-fulham,E09000013,2021-07,30,monthly,813619,1432321,1364764,1159962,699019,2021-07-01
Hammersmith and Fulham,http://landregistry.data.gov.uk/id/region/hammersmith-and-fulham,E09000013,2021-08,60,monthly,871191,1547369,1477970,1245581,747504,2021-08-01
Hammersmith and Fulham,http://landregistry.data.gov.uk/id/region/hammersmith-and-fulham,E09000013,2021-09,101,monthly,877345,1572272,1491196,1250646,753430,2021-09-01
Hammersmith and Fulham,http://landregistry.data.gov.uk/id/region/hammersmith-and-fulham,E09000013,2021-10,,monthly,825139,1502163,1408603,1181410,707386,2021-10-01
Hammersmith and Fulham,http://landregistry.data.gov.uk/id/region/hammersmith-and-fulham,E09000013,2021-11,,monthly,804605,1450506,1364702,1150938,690165,2021-11-01
